 gcc -g p3original.c -lm
 gdb a.out
GNU gdb (Ubuntu 8.1.1-0ubuntu1) 8.1.1
Copyright (C) 2018 Free Software Foundation, Inc.
License GPLv3+: GNU GPL version 3 or later <http://gnu.org/licenses/gpl.html>
This is free software: you are free to change and redistribute it.
There is NO WARRANTY, to the extent permitted by law.  Type "show copying"
and "show warranty" for details.
This GDB was configured as "x86_64-linux-gnu".
Type "show configuration" for configuration details.
For bug reporting instructions, please see:
<http://www.gnu.org/software/gdb/bugs/>.
Find the GDB manual and other documentation resources online at:
<http://www.gnu.org/software/gdb/documentation/>.
For help, type "help".
Type "apropos word" to search for commands related to "word"...
Reading symbols from a.out...done.
(gdb) b main
Breakpoint 1 at 0x8e9: file p3original.c, line 36.
(gdb) r
Starting program: /home/runner/Test2Session1/a.out 
warning: Error disabling address space randomization: Operation not permitted

Breakpoint 1, main () at p3original.c:36
36    int n = input();
(gdb) s
input () at p3original.c:4
4   {
(gdb) n
6     printf("Enter the number\n");
(gdb) n
Enter the number
7     scanf("%d",&n);
(gdb) n
3
8     return n;
(gdb) p n
$1 = 3
(gdb) n
9   }
(gdb) n
main () at p3original.c:37
37    int isp = isprime(n);
(gdb) s
isprime (n=3) at p3original.c:13
13    if (n==0 || n==1) {
(gdb) n
16    if (n==2) {
(gdb) n
19    for(int i= 2; i<= sqrt(n);i++)
(gdb) n
24    return 1;
(gdb) n
25  }
(gdb) n
main () at p3original.c:38
38    output(n,isp);
(gdb) s
output (n=3, isp=1) at p3original.c:28
28    if(isp == 0)
(gdb) n
31      printf("%d is a prime number\n",n);
(gdb) n
3 is a prime number
32  }
(gdb) n
main () at p3original.c:39
39    return 0;
(gdb) c
Continuing.
[Inferior 1 (process 726) exited normally]
